[
    {"base_action": "Attack", "n": 71},
    {"base_action": "Leaping Opo", "n": 13},
    {"base_action": "Dragon Kick", "n": 12},
    {"base_action": "The Forbidden Chakra", "n": 11},
    {"base_action": "Rising Raptor", "n": 6},
    {"base_action": "Pouncing Coeurl", "n": 6},
    {"base_action": "Twin Snakes", "n": 5},
    {"base_action": "Phantom Rush", "n": 4},
    {"base_action": "Fire's Reply", "n": 4},
    {"base_action": "Demolish", "n": 4},
    {"base_action": "Rising Phoenix", "n": 3},
    {"base_action": "Elixir Burst", "n": 2},
    {"base_action": "Wind's Reply", "n": 2},
    {"base_action": "Four-Point Fury", "n": 2},
    {"base_action": "Shadow of the Destroyer", "n": 2},
    {"base_action": "Rockbreaker", "n": 2},
    {"base_action": "Six-Sided Star", "n": 1}
]
