[
    {"base_action": "Attack", "n": 167},
    {"base_action": "Spinning Edge", "n": 38},
    {"base_action": "Gust Slash", "n": 37},
    {"base_action": "Aeolian Edge", "n": 26},
    {"base_action": "Bhavacakra", "n": 22},
    {"base_action": "Dream Within a Dream", "n": 21},
    {"base_action": "Fleeting Raiju", "n": 18},
    {"base_action": "Raiton", "n": 18},
    {"base_action": "Armor Crush", "n": 13},
    {"base_action": "Fleeting Raiju (Pet)", "n": 11},
    {"base_action": "Hyosho Ranryu", "n": 7},
    {"base_action": "Kunai's Bane", "n": 7},
    {"base_action": "Suiton", "n": 11},
    {"base_action": "Tenri Jindo", "n": 4},
    {"base_action": "Zesho Meppo", "n": 4},
    {"base_action": "Fuma Shuriken", "n": 4},
    {"base_action": "Dokumori", "n": 4},
    {"base_action": "Phantom Kamaitachi (Pet)", "n": 3},
    {"base_action": "Aeolian Edge (Pet)", "n": 3},
    {"base_action": "Gust Slash (Pet)", "n": 3},
    {"base_action": "Spinning Edge (Pet)", "n": 2},
    {"base_action": "Armor Crush (Pet)", "n": 1}
]
