[
    {"base_action": "Attack", "n": 202},
    {"base_action": "Higanbana (tick)", "n": 159},
    {"base_action": "Gyofu", "n": 53},
    {"base_action": "Hissatsu: Shinten", "n": 51},
    {"base_action": "Gekko", "n": 32},
    {"base_action": "Kasha", "n": 27},
    {"base_action": "Yukikaze", "n": 27},
    {"base_action": "Jinpu", "n": 16},
    {"base_action": "Kaeshi: Setsugekka", "n": 15},
    {"base_action": "Midare Setsugekka", "n": 15},
    {"base_action": "Shoha", "n": 13},
    {"base_action": "Shifu", "n": 12},
    {"base_action": "Tendo Kaeshi Setsugekka", "n": 11},
    {"base_action": "Tendo Setsugekka", "n": 11},
    {"base_action": "Hissatsu: Senei", "n": 9},
    {"base_action": "Higanbana", "n": 8},
    {"base_action": "Hissatsu: Gyoten", "n": 7},
    {"base_action": "Kaeshi: Namikiri", "n": 5},
    {"base_action": "Ogi Namikiri", "n": 5},
    {"base_action": "Zanshin", "n": 5},
    {"base_action": "Enpi", "n": 2},
    {"base_action": "Hissatsu: Yaten", "n": 1}
]
