[
    {"base_action": "Attack", "n": 42},
    {"base_action": "Bow Shock (tick)", "n": 26},
    {"base_action": "Sonic Break (tick)", "n": 22},
    {"base_action": "Brutal Shell", "n": 8},
    {"base_action": "Keen Edge", "n": 8},
    {"base_action": "Double Down", "n": 6},
    {"base_action": "Solid Barrel", "n": 6},
    {"base_action": "Bow Shock", "n": 6},
    {"base_action": "Wicked Talon", "n": 5},
    {"base_action": "Eye Gouge", "n": 5},
    {"base_action": "Blasting Zone", "n": 4},
    {"base_action": "Savage Claw", "n": 4},
    {"base_action": "Gnashing Fang", "n": 4},
    {"base_action": "Abdomen Tear", "n": 4},
    {"base_action": "Jugular Rip", "n": 4},
    {"base_action": "Sonic Break", "n": 3},
    {"base_action": "Lion Heart", "n": 2},
    {"base_action": "Reign of Beasts", "n": 2},
    {"base_action": "Noble Blood", "n": 2},
    {"base_action": "Burst Strike", "n": 2},
    {"base_action": "Fated Circle", "n": 2},
    {"base_action": "Hypervelocity", "n": 2},
    {"base_action": "Fated Brand", "n": 2}
]
