[
    {"base_action": "Fire IV", "n": 73},
    {"base_action": "Paradox", "n": 20},
    {"base_action": "Xenoglossy", "n": 18},
    {"base_action": "High Thunder", "n": 15},
    {"base_action": "Despair", "n": 13},
    {"base_action": "Flare Star", "n": 11},
    {"base_action": "Fire III", "n": 10},
    {"base_action": "Blizzard IV", "n": 8},
    {"base_action": "Blizzard III", "n": 8},
    {"base_action": "High Thunder (tick)", "n": 143}
]
