[
    {"base_action": "Slipstream (tick)", "n": 47},
    {"base_action": "Topaz Rite", "n": 36},
    {"base_action": "Emerald Rite", "n": 36},
    {"base_action": "Mountain Buster", "n": 36},
    {"base_action": "Umbral Impulse", "n": 30},
    {"base_action": "Luxwave (Pet)", "n": 20},
    {"base_action": "Necrotize", "n": 19},
    {"base_action": "Ruby Rite", "n": 18},
    {"base_action": "Astral Impulse", "n": 17},
    {"base_action": "Fountain of Fire", "n": 12},
    {"base_action": "Wyrmwave (Pet)", "n": 11},
    {"base_action": "Ruin III", "n": 10},
    {"base_action": "Energy Drain", "n": 10},
    {"base_action": "Earthen Fury (Pet)", "n": 9},
    {"base_action": "Aerial Blast (Pet)", "n": 9},
    {"base_action": "Inferno (Pet)", "n": 9},
    {"base_action": "Ruin IV", "n": 9},
    {"base_action": "Crimson Cyclone", "n": 9},
    {"base_action": "Crimson Strike", "n": 9},
    {"base_action": "Slipstream", "n": 9},
    {"base_action": "Scarlet Flame (Pet)", "n": 8},
    {"base_action": "Exodus (Pet)", "n": 5},
    {"base_action": "Sunflare", "n": 5},
    {"base_action": "Searing Flash", "n": 5},
    {"base_action": "Akh Morn (Pet)", "n": 3},
    {"base_action": "Deathflare", "n": 3},
    {"base_action": "Revelation (Pet)", "n": 2}
]
