[
    {"base_action": "Shot", "n": 188},
    {"base_action": "Blazing Shot", "n": 70},
    {"base_action": "Double Check", "n": 53},
    {"base_action": "Checkmate", "n": 54},
    {"base_action": "Arm Punch (Pet)", "n": 49},
    {"base_action": "Heated Clean Shot", "n": 32},
    {"base_action": "Heated Slug Shot", "n": 32},
    {"base_action": "Heated Split Shot", "n": 32},
    {"base_action": "Drill", "n": 27},
    {"base_action": "Air Anchor", "n": 13},
    {"base_action": "Pile Bunker (Pet)", "n": 11},
    {"base_action": "Crowned Collider (Pet)", "n": 11},
    {"base_action": "Excavator", "n": 9},
    {"base_action": "Chain Saw", "n": 9},
    {"base_action": "Full Metal Field", "n": 5},
    {"base_action": "Wildfire (tick)", "n": 4},
    {"base_action": "Roller Dash (Pet)", "n": 5}
]
