[
    {"base_action": "Attack", "n": 121},
    {"base_action": "Cross Reaping", "n": 20},
    {"base_action": "Void Reaping", "n": 20},
    {"base_action": "Lemure's Slice", "n": 20},
    {"base_action": "Infernal Slice", "n": 18},
    {"base_action": "Waxing Slice", "n": 18},
    {"base_action": "Slice", "n": 18},
    {"base_action": "Soul Slice", "n": 15},
    {"base_action": "Shadow of Death", "n": 14},
    {"base_action": "Communio", "n": 10},
    {"base_action": "Sacrificium", "n": 10},
    {"base_action": "Unveiled Gallows", "n": 10},
    {"base_action": "Gibbet", "n": 9},
    {"base_action": "Gallows", "n": 9},
    {"base_action": "Unveiled Gibbet", "n": 9},
    {"base_action": "Executioner's Gibbet", "n": 7},
    {"base_action": "Executioner's Gallows", "n": 7},
    {"base_action": "Gluttony", "n": 7},
    {"base_action": "Perfectio", "n": 4},
    {"base_action": "Plentiful Harvest", "n": 4},
    {"base_action": "Harvest Moon", "n": 1},
    {"base_action": "Harpe", "n": 1}
]
