[
    {"base_action": "Attack", "n": 44},
    {"base_action": "Uncoiled Fury", "n": 8},
    {"base_action": "Twinblood Bite", "n": 8},
    {"base_action": "Twinfang Bite", "n": 8},
    {"base_action": "Uncoiled Twinfang", "n": 8},
    {"base_action": "Uncoiled Twinblood", "n": 8},
    {"base_action": "Reawaken", "n": 5},
    {"base_action": "Death Rattle", "n": 5},
    {"base_action": "Swiftskin's Coil", "n": 4},
    {"base_action": "Hunter's Coil", "n": 4},
    {"base_action": "Ouroboros", "n": 4},
    {"base_action": "Fourth Generation", "n": 4},
    {"base_action": "Third Generation", "n": 4},
    {"base_action": "Second Generation", "n": 4},
    {"base_action": "First Generation", "n": 4},
    {"base_action": "First Legacy", "n": 4},
    {"base_action": "Third Legacy", "n": 4},
    {"base_action": "Second Legacy", "n": 4},
    {"base_action": "Fourth Legacy", "n": 4},
    {"base_action": "Vicewinder", "n": 3},
    {"base_action": "Reaving Fangs", "n": 3},
    {"base_action": "Hunter's Sting", "n": 3},
    {"base_action": "Steel Fangs", "n": 3},
    {"base_action": "Flanksting Strike", "n": 2},
    {"base_action": "Swiftskin's Sting", "n": 2},
    {"base_action": "Flanksbane Fang", "n": 1},
    {"base_action": "Hindsbane Fang", "n": 1},
    {"base_action": "Hindsting Strike", "n": 1}
]
