[
    {"base_action": "Ouroboros", "n": 11},
    {"base_action": "Attack", "n": 178},
    {"base_action": "First Generation", "n": 11},
    {"base_action": "Uncoiled Fury", "n": 15},
    {"base_action": "Reawaken", "n": 11},
    {"base_action": "Second Generation", "n": 11},
    {"base_action": "Third Generation", "n": 11},
    {"base_action": "Fourth Generation", "n": 11},
    {"base_action": "Hunter's Coil", "n": 11},
    {"base_action": "Swiftskin's Coil", "n": 11},
    {"base_action": "Death Rattle", "n": 24},
    {"base_action": "Vicewinder", "n": 12},
    {"base_action": "Third Legacy", "n": 11},
    {"base_action": "Twinfang Bite", "n": 22},
    {"base_action": "Twinblood Bite", "n": 22},
    {"base_action": "Swiftskin's Sting", "n": 13},
    {"base_action": "Reaving Fangs", "n": 13},
    {"base_action": "First Legacy", "n": 11},
    {"base_action": "Second Legacy", "n": 11},
    {"base_action": "Fourth Legacy", "n": 11},
    {"base_action": "Hunter's Sting", "n": 12},
    {"base_action": "Steel Fangs", "n": 12},
    {"base_action": "Flanksbane Fang", "n": 6},
    {"base_action": "Flanksting Strike", "n": 6},
    {"base_action": "Hindsbane Fang", "n": 6},
    {"base_action": "Hindsting Strike", "n": 6},
    {"base_action": "Uncoiled Twinblood", "n": 15},
    {"base_action": "Uncoiled Twinfang", "n": 15}
]
