{
  "base_action": [
    "Combust III (tick)",
    "Gravity II",
    "Fall Malefic",
    "Stellar Explosion (Pet)",
    "Oracle",
    "Lord of Crowns",
    "Macrocosmos"
  ],
  "n": [48, 20, 14, 3, 2, 2, 2]
}
