[
    {"base_action": "Dosis III", "n": 164},
    {"base_action": "Eukrasian Dosis III (tick)", "n": 166},
    {"base_action": "Phlegma III", "n": 14},
    {"base_action": "Psyche", "n": 9},
    {"base_action": "Pneuma", "n": 4},
    {"base_action": "Toxikon II", "n": 1}
]
