{
  "base_action": [
    "Fall Malefic",
    "Combust III (tick)",
    "Oracle",
    "Lord of Crowns",
    "Stellar Explosion (Pet)"
  ],
  "n": [49, 49, 2, 3, 4]
}
