{
  "base_action": [
    "Fall Malefic",
    "Combust III (tick)",
    "Oracle",
    "Stellar Explosion (Pet)",
    "Lord of Crowns",
    "Macrocosmos"
  ],
  "n": [138, 127, 4, 7, 4, 2]
}
