[
    {"base_action": "Baneful Impaction (tick)", "n": 20},
    {"base_action": "Biolysis (tick)", "n": 126},
    {"base_action": "Broil IV", "n": 136},
    {"base_action": "Energy Drain", "n": 29}
]
