[
    {"base_action": "Dia (tick)", "n": 44},
    {"base_action": "Glare III", "n": 40},
    {"base_action": "Assize", "n": 6},
    {"base_action": "Glare IV", "n": 6},
    {"base_action": "Dia", "n": 5},
    {"base_action": "Afflatus Misery", "n": 3}
]
