[
    {"base_action": "Dia (tick)", "n": 168},
    {"base_action": "Glare III", "n": 147},
    {"base_action": "Dia", "n": 18},
    {"base_action": "Glare IV", "n": 15},
    {"base_action": "Assize", "n": 13},
    {"base_action": "Afflatus Misery", "n": 8}
]
