[
    {"base_action": "Dia (tick)", "n": 45},
    {"base_action": "Glare III", "n": 24},
    {"base_action": "Assize", "n": 7},
    {"base_action": "Afflatus Misery", "n": 6},
    {"base_action": "Glare IV", "n": 6},
    {"base_action": "Dia", "n": 6}
]
